Archive member included because of file (symbol)

c:/program files (x86)/atmel/atmel toolchain/avr8 gcc/native/3.4.1056/avr8-gnu-toolchain/bin/../lib/gcc/avr/4.8.1/avr6\libgcc.a(_exit.o)
                              c:/program files (x86)/atmel/atmel toolchain/avr8 gcc/native/3.4.1056/avr8-gnu-toolchain/bin/../lib/gcc/avr/4.8.1/../../../../avr/lib/avr6/crtm256rfr2.o (exit)
c:/program files (x86)/atmel/atmel toolchain/avr8 gcc/native/3.4.1056/avr8-gnu-toolchain/bin/../lib/gcc/avr/4.8.1/avr6\libgcc.a(_copy_data.o)
                              template.o (__do_copy_data)
c:/program files (x86)/atmel/atmel toolchain/avr8 gcc/native/3.4.1056/avr8-gnu-toolchain/bin/../lib/gcc/avr/4.8.1/avr6\libgcc.a(_clear_bss.o)
                              stack/phy/atmegarfr2/src/phy.o (__do_clear_bss)
c:/program files (x86)/atmel/atmel toolchain/avr8 gcc/native/3.4.1056/avr8-gnu-toolchain/bin/../lib/gcc/avr/4.8.1/../../../../avr/lib/avr6\libc.a(strcpy.o)
                              template.o (strcpy)
c:/program files (x86)/atmel/atmel toolchain/avr8 gcc/native/3.4.1056/avr8-gnu-toolchain/bin/../lib/gcc/avr/4.8.1/../../../../avr/lib/avr6\libc.a(sprintf.o)
                              template.o (sprintf)
c:/program files (x86)/atmel/atmel toolchain/avr8 gcc/native/3.4.1056/avr8-gnu-toolchain/bin/../lib/gcc/avr/4.8.1/../../../../avr/lib/avr6\libc.a(vfprintf_std.o)
                              c:/program files (x86)/atmel/atmel toolchain/avr8 gcc/native/3.4.1056/avr8-gnu-toolchain/bin/../lib/gcc/avr/4.8.1/../../../../avr/lib/avr6\libc.a(sprintf.o) (vfprintf)
c:/program files (x86)/atmel/atmel toolchain/avr8 gcc/native/3.4.1056/avr8-gnu-toolchain/bin/../lib/gcc/avr/4.8.1/../../../../avr/lib/avr6\libc.a(strnlen_P.o)
                              c:/program files (x86)/atmel/atmel toolchain/avr8 gcc/native/3.4.1056/avr8-gnu-toolchain/bin/../lib/gcc/avr/4.8.1/../../../../avr/lib/avr6\libc.a(vfprintf_std.o) (strnlen_P)
c:/program files (x86)/atmel/atmel toolchain/avr8 gcc/native/3.4.1056/avr8-gnu-toolchain/bin/../lib/gcc/avr/4.8.1/../../../../avr/lib/avr6\libc.a(strnlen.o)
                              c:/program files (x86)/atmel/atmel toolchain/avr8 gcc/native/3.4.1056/avr8-gnu-toolchain/bin/../lib/gcc/avr/4.8.1/../../../../avr/lib/avr6\libc.a(vfprintf_std.o) (strnlen)
c:/program files (x86)/atmel/atmel toolchain/avr8 gcc/native/3.4.1056/avr8-gnu-toolchain/bin/../lib/gcc/avr/4.8.1/../../../../avr/lib/avr6\libc.a(fputc.o)
                              c:/program files (x86)/atmel/atmel toolchain/avr8 gcc/native/3.4.1056/avr8-gnu-toolchain/bin/../lib/gcc/avr/4.8.1/../../../../avr/lib/avr6\libc.a(vfprintf_std.o) (fputc)
c:/program files (x86)/atmel/atmel toolchain/avr8 gcc/native/3.4.1056/avr8-gnu-toolchain/bin/../lib/gcc/avr/4.8.1/../../../../avr/lib/avr6\libc.a(ultoa_invert.o)
                              c:/program files (x86)/atmel/atmel toolchain/avr8 gcc/native/3.4.1056/avr8-gnu-toolchain/bin/../lib/gcc/avr/4.8.1/../../../../avr/lib/avr6\libc.a(vfprintf_std.o) (__ultoa_invert)

Allocating common symbols
Common symbol       size              file

ind                 0x5               template.o
receivedWireless    0x1               template.o

Discarded input sections

 .bss           0x00000000        0x0 c:/program files (x86)/atmel/atmel toolchain/avr8 gcc/native/3.4.1056/avr8-gnu-toolchain/bin/../lib/gcc/avr/4.8.1/../../../../avr/lib/avr6/crtm256rfr2.o
 .group         0x00000000        0x8 stack/phy/atmegarfr2/src/phy.o
 .group         0x00000000        0x8 stack/phy/atmegarfr2/src/phy.o
 .group         0x00000000        0x8 stack/phy/atmegarfr2/src/phy.o
 .group         0x00000000        0x8 stack/phy/atmegarfr2/src/phy.o
 .group         0x00000000        0x8 stack/phy/atmegarfr2/src/phy.o
 .group         0x00000000        0x8 stack/phy/atmegarfr2/src/phy.o
 .group         0x00000000        0x8 stack/phy/atmegarfr2/src/phy.o
 .group         0x00000000        0x8 stack/phy/atmegarfr2/src/phy.o
 .group         0x00000000        0x8 stack/phy/atmegarfr2/src/phy.o
 .group         0x00000000        0x8 stack/phy/atmegarfr2/src/phy.o
 .group         0x00000000        0x8 stack/phy/atmegarfr2/src/phy.o
 .group         0x00000000        0x8 stack/phy/atmegarfr2/src/phy.o
 .group         0x00000000        0x8 stack/phy/atmegarfr2/src/phy.o
 .group         0x00000000        0x8 stack/phy/atmegarfr2/src/phy.o
 .group         0x00000000        0x8 stack/phy/atmegarfr2/src/phy.o
 .group         0x00000000        0x8 stack/phy/atmegarfr2/src/phy.o
 .group         0x00000000        0x8 stack/phy/atmegarfr2/src/phy.o
 .group         0x00000000        0x8 stack/phy/atmegarfr2/src/phy.o
 .group         0x00000000        0x8 stack/phy/atmegarfr2/src/phy.o
 .group         0x00000000        0x8 stack/phy/atmegarfr2/src/phy.o
 .text          0x00000000        0x0 stack/phy/atmegarfr2/src/phy.o
 .bss           0x00000000        0x0 stack/phy/atmegarfr2/src/phy.o
 .text.PHY_SetChannel
                0x00000000        0x8 stack/phy/atmegarfr2/src/phy.o
 .text.PHY_SetBand
                0x00000000        0x8 stack/phy/atmegarfr2/src/phy.o
 .text.PHY_SetTxPower
                0x00000000       0x10 stack/phy/atmegarfr2/src/phy.o
 .group         0x00000000        0x8 template.o
 .group         0x00000000        0x8 template.o
 .group         0x00000000        0x8 template.o
 .group         0x00000000        0x8 template.o
 .group         0x00000000        0x8 template.o
 .group         0x00000000        0x8 template.o
 .group         0x00000000        0x8 template.o
 .group         0x00000000        0x8 template.o
 .group         0x00000000        0x8 template.o
 .group         0x00000000        0x8 template.o
 .group         0x00000000        0x8 template.o
 .group         0x00000000        0x8 template.o
 .group         0x00000000        0x8 template.o
 .group         0x00000000        0x8 template.o
 .group         0x00000000        0x8 template.o
 .group         0x00000000        0x8 template.o
 .group         0x00000000        0x8 template.o
 .group         0x00000000        0x8 template.o
 .group         0x00000000        0x8 template.o
 .group         0x00000000        0x8 template.o
 .group         0x00000000        0x8 template.o
 .group         0x00000000        0x8 template.o
 .group         0x00000000        0x8 template.o
 .group         0x00000000        0x8 template.o
 .group         0x00000000        0x8 template.o
 .text          0x00000000        0x0 template.o
 .bss           0x00000000        0x0 template.o
 .debug_macro   0x00000000      0xa6c template.o
 .debug_macro   0x00000000       0x40 template.o
 .debug_macro   0x00000000      0x1ad template.o
 .debug_macro   0x00000000       0x22 template.o
 .debug_macro   0x00000000       0x10 template.o
 .debug_macro   0x00000000      0x299 template.o
 .debug_macro   0x00000000       0x9e template.o
 .debug_macro   0x00000000     0x35d2 template.o
 .debug_macro   0x00000000      0x219 template.o
 .debug_macro   0x00000000       0xd9 template.o
 .debug_macro   0x00000000       0x34 template.o
 .debug_macro   0x00000000       0x18 template.o
 .debug_macro   0x00000000       0x6c template.o
 .debug_macro   0x00000000       0x76 template.o
 .debug_macro   0x00000000       0x69 template.o
 .debug_macro   0x00000000       0x10 template.o
 .debug_macro   0x00000000       0x89 template.o
 .debug_macro   0x00000000      0x181 template.o
 .debug_macro   0x00000000       0x34 template.o
 .text          0x00000000        0x0 c:/program files (x86)/atmel/atmel toolchain/avr8 gcc/native/3.4.1056/avr8-gnu-toolchain/bin/../lib/gcc/avr/4.8.1/avr6\libgcc.a(_exit.o)
 .bss           0x00000000        0x0 c:/program files (x86)/atmel/atmel toolchain/avr8 gcc/native/3.4.1056/avr8-gnu-toolchain/bin/../lib/gcc/avr/4.8.1/avr6\libgcc.a(_exit.o)
 .text.libgcc.mul
                0x00000000        0x0 c:/program files (x86)/atmel/atmel toolchain/avr8 gcc/native/3.4.1056/avr8-gnu-toolchain/bin/../lib/gcc/avr/4.8.1/avr6\libgcc.a(_exit.o)
 .text.libgcc.div
                0x00000000        0x0 c:/program files (x86)/atmel/atmel toolchain/avr8 gcc/native/3.4.1056/avr8-gnu-toolchain/bin/../lib/gcc/avr/4.8.1/avr6\libgcc.a(_exit.o)
 .text.libgcc   0x00000000        0x0 c:/program files (x86)/atmel/atmel toolchain/avr8 gcc/native/3.4.1056/avr8-gnu-toolchain/bin/../lib/gcc/avr/4.8.1/avr6\libgcc.a(_exit.o)
 .text.libgcc.prologue
                0x00000000        0x0 c:/program files (x86)/atmel/atmel toolchain/avr8 gcc/native/3.4.1056/avr8-gnu-toolchain/bin/../lib/gcc/avr/4.8.1/avr6\libgcc.a(_exit.o)
 .text.libgcc.builtins
                0x00000000        0x0 c:/program files (x86)/atmel/atmel toolchain/avr8 gcc/native/3.4.1056/avr8-gnu-toolchain/bin/../lib/gcc/avr/4.8.1/avr6\libgcc.a(_exit.o)
 .text.libgcc.fmul
                0x00000000        0x0 c:/program files (x86)/atmel/atmel toolchain/avr8 gcc/native/3.4.1056/avr8-gnu-toolchain/bin/../lib/gcc/avr/4.8.1/avr6\libgcc.a(_exit.o)
 .text.libgcc.fixed
                0x00000000        0x0 c:/program files (x86)/atmel/atmel toolchain/avr8 gcc/native/3.4.1056/avr8-gnu-toolchain/bin/../lib/gcc/avr/4.8.1/avr6\libgcc.a(_exit.o)
 .text          0x00000000        0x0 c:/program files (x86)/atmel/atmel toolchain/avr8 gcc/native/3.4.1056/avr8-gnu-toolchain/bin/../lib/gcc/avr/4.8.1/avr6\libgcc.a(_copy_data.o)
 .bss           0x00000000        0x0 c:/program files (x86)/atmel/atmel toolchain/avr8 gcc/native/3.4.1056/avr8-gnu-toolchain/bin/../lib/gcc/avr/4.8.1/avr6\libgcc.a(_copy_data.o)
 .text.libgcc.mul
                0x00000000        0x0 c:/program files (x86)/atmel/atmel toolchain/avr8 gcc/native/3.4.1056/avr8-gnu-toolchain/bin/../lib/gcc/avr/4.8.1/avr6\libgcc.a(_copy_data.o)
 .text.libgcc.div
                0x00000000        0x0 c:/program files (x86)/atmel/atmel toolchain/avr8 gcc/native/3.4.1056/avr8-gnu-toolchain/bin/../lib/gcc/avr/4.8.1/avr6\libgcc.a(_copy_data.o)
 .text.libgcc   0x00000000        0x0 c:/program files (x86)/atmel/atmel toolchain/avr8 gcc/native/3.4.1056/avr8-gnu-toolchain/bin/../lib/gcc/avr/4.8.1/avr6\libgcc.a(_copy_data.o)
 .text.libgcc.prologue
                0x00000000        0x0 c:/program files (x86)/atmel/atmel toolchain/avr8 gcc/native/3.4.1056/avr8-gnu-toolchain/bin/../lib/gcc/avr/4.8.1/avr6\libgcc.a(_copy_data.o)
 .text.libgcc.builtins
                0x00000000        0x0 c:/program files (x86)/atmel/atmel toolchain/avr8 gcc/native/3.4.1056/avr8-gnu-toolchain/bin/../lib/gcc/avr/4.8.1/avr6\libgcc.a(_copy_data.o)
 .text.libgcc.fmul
                0x00000000        0x0 c:/program files (x86)/atmel/atmel toolchain/avr8 gcc/native/3.4.1056/avr8-gnu-toolchain/bin/../lib/gcc/avr/4.8.1/avr6\libgcc.a(_copy_data.o)
 .text.libgcc.fixed
                0x00000000        0x0 c:/program files (x86)/atmel/atmel toolchain/avr8 gcc/native/3.4.1056/avr8-gnu-toolchain/bin/../lib/gcc/avr/4.8.1/avr6\libgcc.a(_copy_data.o)
 .text          0x00000000        0x0 c:/program files (x86)/atmel/atmel toolchain/avr8 gcc/native/3.4.1056/avr8-gnu-toolchain/bin/../lib/gcc/avr/4.8.1/avr6\libgcc.a(_clear_bss.o)
 .bss           0x00000000        0x0 c:/program files (x86)/atmel/atmel toolchain/avr8 gcc/native/3.4.1056/avr8-gnu-toolchain/bin/../lib/gcc/avr/4.8.1/avr6\libgcc.a(_clear_bss.o)
 .text.libgcc.mul
                0x00000000        0x0 c:/program files (x86)/atmel/atmel toolchain/avr8 gcc/native/3.4.1056/avr8-gnu-toolchain/bin/../lib/gcc/avr/4.8.1/avr6\libgcc.a(_clear_bss.o)
 .text.libgcc.div
                0x00000000        0x0 c:/program files (x86)/atmel/atmel toolchain/avr8 gcc/native/3.4.1056/avr8-gnu-toolchain/bin/../lib/gcc/avr/4.8.1/avr6\libgcc.a(_clear_bss.o)
 .text.libgcc   0x00000000        0x0 c:/program files (x86)/atmel/atmel toolchain/avr8 gcc/native/3.4.1056/avr8-gnu-toolchain/bin/../lib/gcc/avr/4.8.1/avr6\libgcc.a(_clear_bss.o)
 .text.libgcc.prologue
                0x00000000        0x0 c:/program files (x86)/atmel/atmel toolchain/avr8 gcc/native/3.4.1056/avr8-gnu-toolchain/bin/../lib/gcc/avr/4.8.1/avr6\libgcc.a(_clear_bss.o)
 .text.libgcc.builtins
                0x00000000        0x0 c:/program files (x86)/atmel/atmel toolchain/avr8 gcc/native/3.4.1056/avr8-gnu-toolchain/bin/../lib/gcc/avr/4.8.1/avr6\libgcc.a(_clear_bss.o)
 .text.libgcc.fmul
                0x00000000        0x0 c:/program files (x86)/atmel/atmel toolchain/avr8 gcc/native/3.4.1056/avr8-gnu-toolchain/bin/../lib/gcc/avr/4.8.1/avr6\libgcc.a(_clear_bss.o)
 .text.libgcc.fixed
                0x00000000        0x0 c:/program files (x86)/atmel/atmel toolchain/avr8 gcc/native/3.4.1056/avr8-gnu-toolchain/bin/../lib/gcc/avr/4.8.1/avr6\libgcc.a(_clear_bss.o)
 .text          0x00000000        0x0 c:/program files (x86)/atmel/atmel toolchain/avr8 gcc/native/3.4.1056/avr8-gnu-toolchain/bin/../lib/gcc/avr/4.8.1/../../../../avr/lib/avr6\libc.a(strcpy.o)
 .bss           0x00000000        0x0 c:/program files (x86)/atmel/atmel toolchain/avr8 gcc/native/3.4.1056/avr8-gnu-toolchain/bin/../lib/gcc/avr/4.8.1/../../../../avr/lib/avr6\libc.a(strcpy.o)
 .text          0x00000000        0x0 c:/program files (x86)/atmel/atmel toolchain/avr8 gcc/native/3.4.1056/avr8-gnu-toolchain/bin/../lib/gcc/avr/4.8.1/../../../../avr/lib/avr6\libc.a(sprintf.o)
 .bss           0x00000000        0x0 c:/program files (x86)/atmel/atmel toolchain/avr8 gcc/native/3.4.1056/avr8-gnu-toolchain/bin/../lib/gcc/avr/4.8.1/../../../../avr/lib/avr6\libc.a(sprintf.o)
 .text          0x00000000        0x0 c:/program files (x86)/atmel/atmel toolchain/avr8 gcc/native/3.4.1056/avr8-gnu-toolchain/bin/../lib/gcc/avr/4.8.1/../../../../avr/lib/avr6\libc.a(vfprintf_std.o)
 .bss           0x00000000        0x0 c:/program files (x86)/atmel/atmel toolchain/avr8 gcc/native/3.4.1056/avr8-gnu-toolchain/bin/../lib/gcc/avr/4.8.1/../../../../avr/lib/avr6\libc.a(vfprintf_std.o)
 .text          0x00000000        0x0 c:/program files (x86)/atmel/atmel toolchain/avr8 gcc/native/3.4.1056/avr8-gnu-toolchain/bin/../lib/gcc/avr/4.8.1/../../../../avr/lib/avr6\libc.a(strnlen_P.o)
 .bss           0x00000000        0x0 c:/program files (x86)/atmel/atmel toolchain/avr8 gcc/native/3.4.1056/avr8-gnu-toolchain/bin/../lib/gcc/avr/4.8.1/../../../../avr/lib/avr6\libc.a(strnlen_P.o)
 .text          0x00000000        0x0 c:/program files (x86)/atmel/atmel toolchain/avr8 gcc/native/3.4.1056/avr8-gnu-toolchain/bin/../lib/gcc/avr/4.8.1/../../../../avr/lib/avr6\libc.a(strnlen.o)
 .bss           0x00000000        0x0 c:/program files (x86)/atmel/atmel toolchain/avr8 gcc/native/3.4.1056/avr8-gnu-toolchain/bin/../lib/gcc/avr/4.8.1/../../../../avr/lib/avr6\libc.a(strnlen.o)
 .text          0x00000000        0x0 c:/program files (x86)/atmel/atmel toolchain/avr8 gcc/native/3.4.1056/avr8-gnu-toolchain/bin/../lib/gcc/avr/4.8.1/../../../../avr/lib/avr6\libc.a(fputc.o)
 .bss           0x00000000        0x0 c:/program files (x86)/atmel/atmel toolchain/avr8 gcc/native/3.4.1056/avr8-gnu-toolchain/bin/../lib/gcc/avr/4.8.1/../../../../avr/lib/avr6\libc.a(fputc.o)
 .text          0x00000000        0x0 c:/program files (x86)/atmel/atmel toolchain/avr8 gcc/native/3.4.1056/avr8-gnu-toolchain/bin/../lib/gcc/avr/4.8.1/../../../../avr/lib/avr6\libc.a(ultoa_invert.o)
 .bss           0x00000000        0x0 c:/program files (x86)/atmel/atmel toolchain/avr8 gcc/native/3.4.1056/avr8-gnu-toolchain/bin/../lib/gcc/avr/4.8.1/../../../../avr/lib/avr6\libc.a(ultoa_invert.o)

Memory Configuration

Name             Origin             Length             Attributes
text             0x00000000         0x00100000         xr
data             0x00800200         0x0000fe00         rw !x
eeprom           0x00810000         0x00010000         rw !x
fuse             0x00820000         0x00000400         rw !x
lock             0x00830000         0x00000400         rw !x
signature        0x00840000         0x00000400         rw !x
user_signatures  0x00850000         0x00000400         rw !x
*default*        0x00000000         0xffffffff

Linker script and memory map

Address of section .data set to 0x800200
LOAD c:/program files (x86)/atmel/atmel toolchain/avr8 gcc/native/3.4.1056/avr8-gnu-toolchain/bin/../lib/gcc/avr/4.8.1/../../../../avr/lib/avr6/crtm256rfr2.o
LOAD stack/phy/atmegarfr2/src/phy.o
LOAD template.o
START GROUP
END GROUP
START GROUP
LOAD c:/program files (x86)/atmel/atmel toolchain/avr8 gcc/native/3.4.1056/avr8-gnu-toolchain/bin/../lib/gcc/avr/4.8.1/avr6\libgcc.a
LOAD c:/program files (x86)/atmel/atmel toolchain/avr8 gcc/native/3.4.1056/avr8-gnu-toolchain/bin/../lib/gcc/avr/4.8.1/../../../../avr/lib/avr6\libm.a
LOAD c:/program files (x86)/atmel/atmel toolchain/avr8 gcc/native/3.4.1056/avr8-gnu-toolchain/bin/../lib/gcc/avr/4.8.1/../../../../avr/lib/avr6\libc.a
END GROUP

.hash
 *(.hash)

.dynsym
 *(.dynsym)

.dynstr
 *(.dynstr)

.gnu.version
 *(.gnu.version)

.gnu.version_d
 *(.gnu.version_d)

.gnu.version_r
 *(.gnu.version_r)

.rel.init
 *(.rel.init)

.rela.init
 *(.rela.init)

.rel.text
 *(.rel.text)
 *(.rel.text.*)
 *(.rel.gnu.linkonce.t*)

.rela.text
 *(.rela.text)
 *(.rela.text.*)
 *(.rela.gnu.linkonce.t*)

.rel.fini
 *(.rel.fini)

.rela.fini
 *(.rela.fini)

.rel.rodata
 *(.rel.rodata)
 *(.rel.rodata.*)
 *(.rel.gnu.linkonce.r*)

.rela.rodata
 *(.rela.rodata)
 *(.rela.rodata.*)
 *(.rela.gnu.linkonce.r*)

.rel.data
 *(.rel.data)
 *(.rel.data.*)
 *(.rel.gnu.linkonce.d*)

.rela.data
 *(.rela.data)
 *(.rela.data.*)
 *(.rela.gnu.linkonce.d*)

.rel.ctors
 *(.rel.ctors)

.rela.ctors
 *(.rela.ctors)

.rel.dtors
 *(.rel.dtors)

.rela.dtors
 *(.rela.dtors)

.rel.got
 *(.rel.got)

.rela.got
 *(.rela.got)

.rel.bss
 *(.rel.bss)

.rela.bss
 *(.rela.bss)

.rel.plt
 *(.rel.plt)

.rela.plt
 *(.rela.plt)

.text           0x00000000      0xa8c
 *(.vectors)
 .vectors       0x00000000      0x134 c:/program files (x86)/atmel/atmel toolchain/avr8 gcc/native/3.4.1056/avr8-gnu-toolchain/bin/../lib/gcc/avr/4.8.1/../../../../avr/lib/avr6/crtm256rfr2.o
                0x00000000                __vector_default
                0x00000000                __vectors
 *(.vectors)
 *(.progmem.gcc*)
                0x00000134                . = ALIGN (0x2)
                0x00000134                __trampolines_start = .
 *(.trampolines)
 .trampolines   0x00000134        0x0 linker stubs
 *(.trampolines*)
                0x00000134                __trampolines_end = .
 *(.progmem*)
                0x00000134                . = ALIGN (0x2)
 *(.jumptables)
 *(.jumptables*)
 *(.lowtext)
 *(.lowtext*)
                0x00000134                __ctors_start = .
 *(.ctors)
                0x00000134                __ctors_end = .
                0x00000134                __dtors_start = .
 *(.dtors)
                0x00000134                __dtors_end = .
 SORT(*)(.ctors)
 SORT(*)(.dtors)
 *(.init0)
 .init0         0x00000134        0x0 c:/program files (x86)/atmel/atmel toolchain/avr8 gcc/native/3.4.1056/avr8-gnu-toolchain/bin/../lib/gcc/avr/4.8.1/../../../../avr/lib/avr6/crtm256rfr2.o
                0x00000134                __init
 *(.init0)
 *(.init1)
 *(.init1)
 *(.init2)
 .init2         0x00000134       0x10 c:/program files (x86)/atmel/atmel toolchain/avr8 gcc/native/3.4.1056/avr8-gnu-toolchain/bin/../lib/gcc/avr/4.8.1/../../../../avr/lib/avr6/crtm256rfr2.o
 *(.init2)
 *(.init3)
 *(.init3)
 *(.init4)
 .init4         0x00000144       0x1a c:/program files (x86)/atmel/atmel toolchain/avr8 gcc/native/3.4.1056/avr8-gnu-toolchain/bin/../lib/gcc/avr/4.8.1/avr6\libgcc.a(_copy_data.o)
                0x00000144                __do_copy_data
 .init4         0x0000015e       0x10 c:/program files (x86)/atmel/atmel toolchain/avr8 gcc/native/3.4.1056/avr8-gnu-toolchain/bin/../lib/gcc/avr/4.8.1/avr6\libgcc.a(_clear_bss.o)
                0x0000015e                __do_clear_bss
 *(.init4)
 *(.init5)
 *(.init5)
 *(.init6)
 *(.init6)
 *(.init7)
 *(.init7)
 *(.init8)
 *(.init8)
 *(.init9)
 .init9         0x0000016e        0x8 c:/program files (x86)/atmel/atmel toolchain/avr8 gcc/native/3.4.1056/avr8-gnu-toolchain/bin/../lib/gcc/avr/4.8.1/../../../../avr/lib/avr6/crtm256rfr2.o
 *(.init9)
 *(.text)
 .text          0x00000176        0x4 c:/program files (x86)/atmel/atmel toolchain/avr8 gcc/native/3.4.1056/avr8-gnu-toolchain/bin/../lib/gcc/avr/4.8.1/../../../../avr/lib/avr6/crtm256rfr2.o
                0x00000176                __vector_38
                0x00000176                __vector_22
                0x00000176                __vector_63
                0x00000176                __vector_28
                0x00000176                __vector_67
                0x00000176                __vector_1
                0x00000176                __vector_32
                0x00000176                __vector_75
                0x00000176                __vector_71
                0x00000176                __vector_34
                0x00000176                __vector_62
                0x00000176                __vector_24
                0x00000176                __vector_12
                0x00000176                __vector_55
                0x00000176                __vector_69
                0x00000176                __vector_46
                0x00000176                __bad_interrupt
                0x00000176                __vector_72
                0x00000176                __vector_6
                0x00000176                __vector_31
                0x00000176                __vector_35
                0x00000176                __vector_74
                0x00000176                __vector_39
                0x00000176                __vector_3
                0x00000176                __vector_23
                0x00000176                __vector_68
                0x00000176                __vector_30
                0x00000176                __vector_73
                0x00000176                __vector_45
                0x00000176                __vector_25
                0x00000176                __vector_61
                0x00000176                __vector_11
                0x00000176                __vector_54
                0x00000176                __vector_13
                0x00000176                __vector_17
                0x00000176                __vector_19
                0x00000176                __vector_56
                0x00000176                __vector_7
                0x00000176                __vector_49
                0x00000176                __vector_41
                0x00000176                __vector_64
                0x00000176                __vector_43
                0x00000176                __vector_27
                0x00000176                __vector_5
                0x00000176                __vector_33
                0x00000176                __vector_76
                0x00000176                __vector_47
                0x00000176                __vector_52
                0x00000176                __vector_37
                0x00000176                __vector_4
                0x00000176                __vector_44
                0x00000176                __vector_51
                0x00000176                __vector_9
                0x00000176                __vector_2
                0x00000176                __vector_21
                0x00000176                __vector_15
                0x00000176                __vector_66
                0x00000176                __vector_36
                0x00000176                __vector_58
                0x00000176                __vector_70
                0x00000176                __vector_29
                0x00000176                __vector_60
                0x00000176                __vector_40
                0x00000176                __vector_8
                0x00000176                __vector_26
                0x00000176                __vector_48
                0x00000176                __vector_14
                0x00000176                __vector_57
                0x00000176                __vector_53
                0x00000176                __vector_10
                0x00000176                __vector_50
                0x00000176                __vector_16
                0x00000176                __vector_59
                0x00000176                __vector_18
                0x00000176                __vector_20
                0x00000176                __vector_42
                0x00000176                __vector_65
                0x0000017a                . = ALIGN (0x2)
 *(.text.*)
 .text.phySetChannel
                0x0000017a       0x36 stack/phy/atmegarfr2/src/phy.o
 .text.phyTrxSetState
                0x000001b0       0x20 stack/phy/atmegarfr2/src/phy.o
 .text.PHY_Init
                0x000001d0       0x4e stack/phy/atmegarfr2/src/phy.o
                0x000001d0                PHY_Init
 .text.PHY_SetRxState
                0x0000021e       0x20 stack/phy/atmegarfr2/src/phy.o
                0x0000021e                PHY_SetRxState
 .text.Ecris_Wireless
                0x0000023e       0x58 stack/phy/atmegarfr2/src/phy.o
                0x0000023e                Ecris_Wireless
 .text.PHY_TaskHandler
                0x00000296       0xae stack/phy/atmegarfr2/src/phy.o
                0x00000296                PHY_TaskHandler
 .text.Lis_UART
                0x00000344       0x12 template.o
                0x00000344                Lis_UART
 .text.Ecris_UART
                0x00000356        0xe template.o
                0x00000356                Ecris_UART
 .text.APP_TaskHandler
                0x00000364      0x12a template.o
 .text.init_UART
                0x0000048e       0x1c template.o
                0x0000048e                init_UART
 .text.SYS_Init
                0x000004aa       0x22 template.o
                0x000004aa                SYS_Init
 .text.startup.main
                0x000004cc        0xe template.o
                0x000004cc                main
 .text.avr-libc
                0x000004da        0xe c:/program files (x86)/atmel/atmel toolchain/avr8 gcc/native/3.4.1056/avr8-gnu-toolchain/bin/../lib/gcc/avr/4.8.1/../../../../avr/lib/avr6\libc.a(strcpy.o)
                0x000004da                strcpy
 .text.avr-libc
                0x000004e8       0x5e c:/program files (x86)/atmel/atmel toolchain/avr8 gcc/native/3.4.1056/avr8-gnu-toolchain/bin/../lib/gcc/avr/4.8.1/../../../../avr/lib/avr6\libc.a(sprintf.o)
                0x000004e8                sprintf
 .text.avr-libc
                0x00000546      0x3f6 c:/program files (x86)/atmel/atmel toolchain/avr8 gcc/native/3.4.1056/avr8-gnu-toolchain/bin/../lib/gcc/avr/4.8.1/../../../../avr/lib/avr6\libc.a(vfprintf_std.o)
                0x00000546                vfprintf
 .text.avr-libc
                0x0000093c       0x16 c:/program files (x86)/atmel/atmel toolchain/avr8 gcc/native/3.4.1056/avr8-gnu-toolchain/bin/../lib/gcc/avr/4.8.1/../../../../avr/lib/avr6\libc.a(strnlen_P.o)
                0x0000093c                strnlen_P
 .text.avr-libc
                0x00000952       0x16 c:/program files (x86)/atmel/atmel toolchain/avr8 gcc/native/3.4.1056/avr8-gnu-toolchain/bin/../lib/gcc/avr/4.8.1/../../../../avr/lib/avr6\libc.a(strnlen.o)
                0x00000952                strnlen
 .text.avr-libc
                0x00000968       0x64 c:/program files (x86)/atmel/atmel toolchain/avr8 gcc/native/3.4.1056/avr8-gnu-toolchain/bin/../lib/gcc/avr/4.8.1/../../../../avr/lib/avr6\libc.a(fputc.o)
                0x00000968                fputc
 .text.avr-libc
                0x000009cc       0xbc c:/program files (x86)/atmel/atmel toolchain/avr8 gcc/native/3.4.1056/avr8-gnu-toolchain/bin/../lib/gcc/avr/4.8.1/../../../../avr/lib/avr6\libc.a(ultoa_invert.o)
                0x000009cc                __ultoa_invert
                0x00000a88                . = ALIGN (0x2)
 *(.fini9)
 .fini9         0x00000a88        0x0 c:/program files (x86)/atmel/atmel toolchain/avr8 gcc/native/3.4.1056/avr8-gnu-toolchain/bin/../lib/gcc/avr/4.8.1/avr6\libgcc.a(_exit.o)
                0x00000a88                _exit
                0x00000a88                exit
 *(.fini9)
 *(.fini8)
 *(.fini8)
 *(.fini7)
 *(.fini7)
 *(.fini6)
 *(.fini6)
 *(.fini5)
 *(.fini5)
 *(.fini4)
 *(.fini4)
 *(.fini3)
 *(.fini3)
 *(.fini2)
 *(.fini2)
 *(.fini1)
 *(.fini1)
 *(.fini0)
 .fini0         0x00000a88        0x4 c:/program files (x86)/atmel/atmel toolchain/avr8 gcc/native/3.4.1056/avr8-gnu-toolchain/bin/../lib/gcc/avr/4.8.1/avr6\libgcc.a(_exit.o)
 *(.fini0)
                0x00000a8c                _etext = .

.data           0x00800200       0xb0 load address 0x00000a8c
                0x00800200                PROVIDE (__data_start, .)
 *(.data)
 .data          0x00800200        0x0 c:/program files (x86)/atmel/atmel toolchain/avr8 gcc/native/3.4.1056/avr8-gnu-toolchain/bin/../lib/gcc/avr/4.8.1/../../../../avr/lib/avr6/crtm256rfr2.o
 .data          0x00800200        0x0 stack/phy/atmegarfr2/src/phy.o
 .data          0x00800200        0x0 template.o
 .data          0x00800200        0x0 c:/program files (x86)/atmel/atmel toolchain/avr8 gcc/native/3.4.1056/avr8-gnu-toolchain/bin/../lib/gcc/avr/4.8.1/avr6\libgcc.a(_exit.o)
 .data          0x00800200        0x0 c:/program files (x86)/atmel/atmel toolchain/avr8 gcc/native/3.4.1056/avr8-gnu-toolchain/bin/../lib/gcc/avr/4.8.1/avr6\libgcc.a(_copy_data.o)
 .data          0x00800200        0x0 c:/program files (x86)/atmel/atmel toolchain/avr8 gcc/native/3.4.1056/avr8-gnu-toolchain/bin/../lib/gcc/avr/4.8.1/avr6\libgcc.a(_clear_bss.o)
 .data          0x00800200        0x0 c:/program files (x86)/atmel/atmel toolchain/avr8 gcc/native/3.4.1056/avr8-gnu-toolchain/bin/../lib/gcc/avr/4.8.1/../../../../avr/lib/avr6\libc.a(strcpy.o)
 .data          0x00800200        0x0 c:/program files (x86)/atmel/atmel toolchain/avr8 gcc/native/3.4.1056/avr8-gnu-toolchain/bin/../lib/gcc/avr/4.8.1/../../../../avr/lib/avr6\libc.a(sprintf.o)
 .data          0x00800200        0x0 c:/program files (x86)/atmel/atmel toolchain/avr8 gcc/native/3.4.1056/avr8-gnu-toolchain/bin/../lib/gcc/avr/4.8.1/../../../../avr/lib/avr6\libc.a(vfprintf_std.o)
 .data          0x00800200        0x0 c:/program files (x86)/atmel/atmel toolchain/avr8 gcc/native/3.4.1056/avr8-gnu-toolchain/bin/../lib/gcc/avr/4.8.1/../../../../avr/lib/avr6\libc.a(strnlen_P.o)
 .data          0x00800200        0x0 c:/program files (x86)/atmel/atmel toolchain/avr8 gcc/native/3.4.1056/avr8-gnu-toolchain/bin/../lib/gcc/avr/4.8.1/../../../../avr/lib/avr6\libc.a(strnlen.o)
 .data          0x00800200        0x0 c:/program files (x86)/atmel/atmel toolchain/avr8 gcc/native/3.4.1056/avr8-gnu-toolchain/bin/../lib/gcc/avr/4.8.1/../../../../avr/lib/avr6\libc.a(fputc.o)
 .data          0x00800200        0x0 c:/program files (x86)/atmel/atmel toolchain/avr8 gcc/native/3.4.1056/avr8-gnu-toolchain/bin/../lib/gcc/avr/4.8.1/../../../../avr/lib/avr6\libc.a(ultoa_invert.o)
 *(.data*)
 *(.rodata)
 .rodata        0x00800200       0x80 template.o
 *(.rodata*)
 .rodata.str1.1
                0x00800280       0x2f template.o
                                 0x32 (size before relaxing)
 *(.gnu.linkonce.d*)
                0x008002b0                . = ALIGN (0x2)
 *fill*         0x008002af        0x1 
                0x008002b0                _edata = .
                0x008002b0                PROVIDE (__data_end, .)

.bss            0x008002b0       0x8a
                0x008002b0                PROVIDE (__bss_start, .)
 *(.bss)
 *(.bss*)
 .bss.phyBand   0x008002b0        0x1 stack/phy/atmegarfr2/src/phy.o
 .bss.phyChannel
                0x008002b1        0x1 stack/phy/atmegarfr2/src/phy.o
 .bss.phyRxState
                0x008002b2        0x1 stack/phy/atmegarfr2/src/phy.o
 .bss.phyRxBuffer
                0x008002b3       0x80 stack/phy/atmegarfr2/src/phy.o
 .bss.phyState  0x00800333        0x1 stack/phy/atmegarfr2/src/phy.o
 *(COMMON)
 COMMON         0x00800334        0x6 template.o
                0x00800334                ind
                0x00800339                receivedWireless
                0x0080033a                PROVIDE (__bss_end, .)
                0x00000a8c                __data_load_start = LOADADDR (.data)
                0x00000b3c                __data_load_end = (__data_load_start + SIZEOF (.data))

.noinit         0x0080033a        0x0
                0x0080033a                PROVIDE (__noinit_start, .)
 *(.noinit*)
                0x0080033a                PROVIDE (__noinit_end, .)
                0x0080033a                _end = .
                0x0080033a                PROVIDE (__heap_start, .)

.eeprom         0x00810000        0x0
 *(.eeprom*)
                0x00810000                __eeprom_end = .

.fuse
 *(.fuse)
 *(.lfuse)
 *(.hfuse)
 *(.efuse)

.lock
 *(.lock*)

.signature
 *(.signature*)

.user_signatures
 *(.user_signatures*)

.stab
 *(.stab)

.stabstr
 *(.stabstr)

.stab.excl
 *(.stab.excl)

.stab.exclstr
 *(.stab.exclstr)

.stab.index
 *(.stab.index)

.stab.indexstr
 *(.stab.indexstr)

.comment        0x00000000       0x5c
 *(.comment)
 .comment       0x00000000       0x30 stack/phy/atmegarfr2/src/phy.o
                                 0x31 (size before relaxing)
 .comment       0x00000000       0x31 template.o
 .comment       0x00000000       0x31 c:/program files (x86)/atmel/atmel toolchain/avr8 gcc/native/3.4.1056/avr8-gnu-toolchain/bin/../lib/gcc/avr/4.8.1/../../../../avr/lib/avr6\libc.a(sprintf.o)
 .comment       0x00000030       0x2c c:/program files (x86)/atmel/atmel toolchain/avr8 gcc/native/3.4.1056/avr8-gnu-toolchain/bin/../lib/gcc/avr/4.8.1/../../../../avr/lib/avr6\libc.a(vfprintf_std.o)
                                 0x2d (size before relaxing)
 .comment       0x00000000       0x31 c:/program files (x86)/atmel/atmel toolchain/avr8 gcc/native/3.4.1056/avr8-gnu-toolchain/bin/../lib/gcc/avr/4.8.1/../../../../avr/lib/avr6\libc.a(fputc.o)

.note.gnu.build-id
 *(.note.gnu.build-id)

.debug
 *(.debug)

.line
 *(.line)

.debug_srcinfo
 *(.debug_srcinfo)

.debug_sfnames
 *(.debug_sfnames)

.debug_aranges  0x00000000       0xa8
 *(.debug_aranges)
 .debug_aranges
                0x00000000       0x60 stack/phy/atmegarfr2/src/phy.o
 .debug_aranges
                0x00000060       0x48 template.o

.debug_pubnames
 *(.debug_pubnames)

.debug_info     0x00000000      0xaa4
 *(.debug_info .gnu.linkonce.wi.*)
 .debug_info    0x00000000      0x6ae stack/phy/atmegarfr2/src/phy.o
 .debug_info    0x000006ae      0x3f6 template.o

.debug_abbrev   0x00000000      0x492
 *(.debug_abbrev)
 .debug_abbrev  0x00000000      0x28f stack/phy/atmegarfr2/src/phy.o
 .debug_abbrev  0x0000028f      0x203 template.o

.debug_line     0x00000000      0x7c4
 *(.debug_line .debug_line.* .debug_line_end)
 .debug_line    0x00000000      0x3b8 stack/phy/atmegarfr2/src/phy.o
 .debug_line    0x000003b8      0x40c template.o

.debug_frame    0x00000000      0x15c
 *(.debug_frame)
 .debug_frame   0x00000000       0xbc stack/phy/atmegarfr2/src/phy.o
 .debug_frame   0x000000bc       0xa0 template.o

.debug_str      0x00000000     0xfa89
 *(.debug_str)
 .debug_str     0x00000000     0xf5b9 stack/phy/atmegarfr2/src/phy.o
                               0xf6e2 (size before relaxing)
 .debug_str     0x0000f5b9      0x4d0 template.o
                               0xe709 (size before relaxing)

.debug_loc      0x00000000      0x3db
 *(.debug_loc)
 .debug_loc     0x00000000      0x193 stack/phy/atmegarfr2/src/phy.o
 .debug_loc     0x00000193      0x248 template.o

.debug_macinfo
 *(.debug_macinfo)

.debug_weaknames
 *(.debug_weaknames)

.debug_funcnames
 *(.debug_funcnames)

.debug_typenames
 *(.debug_typenames)

.debug_varnames
 *(.debug_varnames)

.debug_pubtypes
 *(.debug_pubtypes)

.debug_ranges   0x00000000       0x88
 *(.debug_ranges)
 .debug_ranges  0x00000000       0x50 stack/phy/atmegarfr2/src/phy.o
 .debug_ranges  0x00000050       0x38 template.o

.debug_macro    0x00000000     0x51c0
 *(.debug_macro)
 .debug_macro   0x00000000      0x106 stack/phy/atmegarfr2/src/phy.o
 .debug_macro   0x00000106      0xa6c stack/phy/atmegarfr2/src/phy.o
 .debug_macro   0x00000b72      0x1ad stack/phy/atmegarfr2/src/phy.o
 .debug_macro   0x00000d1f       0x10 stack/phy/atmegarfr2/src/phy.o
 .debug_macro   0x00000d2f      0x299 stack/phy/atmegarfr2/src/phy.o
 .debug_macro   0x00000fc8       0x9e stack/phy/atmegarfr2/src/phy.o
 .debug_macro   0x00001066     0x35d2 stack/phy/atmegarfr2/src/phy.o
 .debug_macro   0x00004638      0x219 stack/phy/atmegarfr2/src/phy.o
 .debug_macro   0x00004851       0xd9 stack/phy/atmegarfr2/src/phy.o
 .debug_macro   0x0000492a       0x34 stack/phy/atmegarfr2/src/phy.o
 .debug_macro   0x0000495e       0x18 stack/phy/atmegarfr2/src/phy.o
 .debug_macro   0x00004976       0x6c stack/phy/atmegarfr2/src/phy.o
 .debug_macro   0x000049e2       0x76 stack/phy/atmegarfr2/src/phy.o
 .debug_macro   0x00004a58       0x69 stack/phy/atmegarfr2/src/phy.o
 .debug_macro   0x00004ac1       0x10 stack/phy/atmegarfr2/src/phy.o
 .debug_macro   0x00004ad1       0x89 stack/phy/atmegarfr2/src/phy.o
 .debug_macro   0x00004b5a      0x181 stack/phy/atmegarfr2/src/phy.o
 .debug_macro   0x00004cdb       0x34 stack/phy/atmegarfr2/src/phy.o
 .debug_macro   0x00004d0f       0x22 stack/phy/atmegarfr2/src/phy.o
 .debug_macro   0x00004d31       0x40 stack/phy/atmegarfr2/src/phy.o
 .debug_macro   0x00004d71      0x27e stack/phy/atmegarfr2/src/phy.o
 .debug_macro   0x00004fef      0x159 template.o
 .debug_macro   0x00005148       0x10 template.o
 .debug_macro   0x00005158       0x10 template.o
 .debug_macro   0x00005168       0x10 template.o
 .debug_macro   0x00005178       0x1c template.o
 .debug_macro   0x00005194       0x1c template.o
 .debug_macro   0x000051b0       0x10 template.o
OUTPUT(Template.elf elf32-avr)
LOAD linker stubs
